---
source: tests/snapshots_test.rs
expression: csv
---
key,value
ip.addr,8.8.8.8
ip.hostname,dns.google
ip.version,4
location.accuracy_radius_km,1000
location.city,Mountain View
location.continent,North America
location.continent_code,NA
location.country,United States
location.country_iso,US
location.is_eu,false
location.latitude,37.386
location.longitude,-122.0838
location.postal_code,94043
location.region,California
location.region_code,CA
location.registered_country,United States
location.registered_country_iso,US
location.timezone,America/Los_Angeles
network.asn,15169
network.asn_category,hosting
network.asn_registered,2000-03-30
network.bot,
network.cloud.provider,gcp
network.cloud.region,us-central1
network.cloud.service,DNS
network.infra_type,cloud
network.is_anycast,true
network.is_bot,false
network.is_c2,false
network.is_cins,false
network.is_datacenter,true
network.is_internal,false
network.is_spamhaus,false
network.is_tor,false
network.is_vpn,false
network.network_role,tier1_transit
network.org,Google LLC
network.prefix,8.8.8.0/24
network.type,cloud
network.vpn,
tcp.port,54321
user_agent,
