---
source: tests/snapshots_test.rs
assertion_line: 176
expression: value
---
{
  "ip": {
    "addr": "66.249.64.1",
    "hostname": "crawl-66-249-64-1.googlebot.com",
    "version": "4"
  },
  "location": {
    "accuracy_radius_km": null,
    "city": null,
    "continent": null,
    "continent_code": null,
    "country": null,
    "country_iso": null,
    "is_eu": null,
    "latitude": null,
    "longitude": null,
    "postal_code": null,
    "region": null,
    "region_code": null,
    "registered_country": null,
    "registered_country_iso": null,
    "timezone": null
  },
  "network": {
    "asn": 15169,
    "asn_category": "hosting",
    "asn_registered": "2000-03-30",
    "bot": {
      "provider": "googlebot"
    },
    "cloud": null,
    "infra_type": "cloud",
    "is_bot": true,
    "is_c2": false,
    "is_datacenter": true,
    "is_internal": false,
    "is_spamhaus": false,
    "is_tor": false,
    "is_vpn": false,
    "network_role": null,
    "org": "Google LLC",
    "prefix": "66.249.64.0/19",
    "type": "bot",
    "vpn": null
  },
  "tcp": null,
  "user_agent": null
}
